add lightningcss-win32-x64-msvc 1.32.0
add lightningcss-win32-arm64-msvc 1.32.0
add lightningcss-linux-x64-musl 1.32.0
add lightningcss-linux-x64-gnu 1.32.0
add lightningcss-linux-arm64-musl 1.32.0
add lightningcss-linux-arm64-gnu 1.32.0
add lightningcss-linux-arm-gnueabihf 1.32.0
add lightningcss-freebsd-x64 1.32.0
add lightningcss-darwin-x64 1.32.0
add lightningcss-android-arm64 1.32.0
add @unrs/resolver-binding-win32-x64-msvc 1.12.2
add @unrs/resolver-binding-win32-ia32-msvc 1.12.2
add @unrs/resolver-binding-win32-arm64-msvc 1.12.2
add @unrs/resolver-binding-wasm32-wasi 1.12.2
add @emnapi/wasi-threads 1.2.1
add @emnapi/runtime 1.10.0
add @emnapi/core 1.10.0
add @unrs/resolver-binding-openharmony-arm64 1.12.2
add @unrs/resolver-binding-linux-x64-musl 1.12.2
add @unrs/resolver-binding-linux-x64-gnu 1.12.2
add @unrs/resolver-binding-linux-s390x-gnu 1.12.2
add @unrs/resolver-binding-linux-riscv64-musl 1.12.2
add @unrs/resolver-binding-linux-riscv64-gnu 1.12.2
add @unrs/resolver-binding-linux-ppc64-gnu 1.12.2
add @unrs/resolver-binding-linux-loong64-musl 1.12.2
add @unrs/resolver-binding-linux-loong64-gnu 1.12.2
add @unrs/resolver-binding-linux-arm64-musl 1.12.2
add @unrs/resolver-binding-linux-arm64-gnu 1.12.2
add @unrs/resolver-binding-linux-arm-musleabihf 1.12.2
add @unrs/resolver-binding-linux-arm-gnueabihf 1.12.2
add @unrs/resolver-binding-freebsd-x64 1.12.2
add @unrs/resolver-binding-darwin-x64 1.12.2
add @unrs/resolver-binding-android-arm64 1.12.2
add @unrs/resolver-binding-android-arm-eabi 1.12.2
add @tybys/wasm-util 0.10.3
add @tailwindcss/oxide-win32-x64-msvc 4.3.3
add @tailwindcss/oxide-win32-arm64-msvc 4.3.3
add @tailwindcss/oxide-wasm32-wasi 4.3.3
add @tailwindcss/oxide-linux-x64-musl 4.3.3
add @tailwindcss/oxide-linux-x64-gnu 4.3.3
add @tailwindcss/oxide-linux-arm64-musl 4.3.3
add @tailwindcss/oxide-linux-arm64-gnu 4.3.3
add @tailwindcss/oxide-linux-arm-gnueabihf 4.3.3
add @tailwindcss/oxide-freebsd-x64 4.3.3
add @tailwindcss/oxide-darwin-x64 4.3.3
add @tailwindcss/oxide-android-arm64 4.3.3
add @rolldown/binding-win32-x64-msvc 1.2.11
add @rolldown/binding-win32-arm64-msvc 1.2.11
add @rolldown/binding-openharmony-arm64 1.2.11
add @rolldown/binding-linux-x64-musl 1.2.11
add @rolldown/binding-linux-x64-gnu 1.2.11
add @rolldown/binding-linux-s390x-gnu 1.2.11
add @rolldown/binding-linux-ppc64-gnu 1.2.11
add @rolldown/binding-linux-arm64-musl 1.2.11
add @rolldown/binding-linux-arm64-gnu 1.2.11
add @rolldown/binding-linux-arm-gnueabihf 1.2.11
add @rolldown/binding-freebsd-x64 1.2.11
add @rolldown/binding-darwin-x64 1.2.11
add @rolldown/binding-android-arm64 1.2.11
add @rolldown/binding-android-arm-eabi 1.2.11
add @resvg/resvg-js-win32-x64-msvc 2.6.2
add @resvg/resvg-js-win32-ia32-msvc 2.6.2
add @resvg/resvg-js-win32-arm64-msvc 2.6.2
add @resvg/resvg-js-linux-x64-musl 2.6.2
add @resvg/resvg-js-linux-x64-gnu 2.6.2
add @resvg/resvg-js-linux-arm64-musl 2.6.2
add @resvg/resvg-js-linux-arm64-gnu 2.6.2
add @resvg/resvg-js-linux-arm-gnueabihf 2.6.2
add @resvg/resvg-js-darwin-x64 2.6.2
add @resvg/resvg-js-android-arm64 2.6.2
add @resvg/resvg-js-android-arm-eabi 2.6.2
add @next/swc-win32-x64-msvc 16.3.6
add @next/swc-win32-arm64-msvc 16.3.6
add @next/swc-linux-x64-musl 16.3.6
add @next/swc-linux-x64-gnu 16.3.6
add @next/swc-linux-arm64-musl 16.3.6
add @next/swc-linux-arm64-gnu 16.3.6
add @next/swc-darwin-x64 16.3.6
add @napi-rs/wasm-runtime 1.1.6
add @img/sharp-win32-x64 0.35.4
add @img/sharp-win32-ia32 0.35.4
add @img/sharp-win32-arm64 0.35.4
add @img/sharp-webcontainers-wasm32 0.35.4
add @img/sharp-wasm32 0.35.4
add @emnapi/runtime 1.11.3
add @img/sharp-linuxmusl-x64 0.35.4
add @img/sharp-linuxmusl-arm64 0.35.4
add @img/sharp-linux-x64 0.35.4
add @img/sharp-linux-s390x 0.35.4
add @img/sharp-linux-riscv64 0.35.4
add @img/sharp-linux-ppc64 0.35.4
add @img/sharp-linux-arm64 0.35.4
add @img/sharp-linux-arm 0.35.4
add @img/sharp-libvips-linuxmusl-x64 1.3.3
add @img/sharp-libvips-linuxmusl-arm64 1.3.3
add @img/sharp-libvips-linux-x64 1.3.3
add @img/sharp-libvips-linux-s390x 1.3.3
add @img/sharp-libvips-linux-riscv64 1.3.3
add @img/sharp-libvips-linux-ppc64 1.3.3
add @img/sharp-libvips-linux-arm64 1.3.3
add @img/sharp-libvips-linux-arm 1.3.3
add @img/sharp-libvips-darwin-x64 1.3.3
add @img/sharp-freebsd-wasm32 0.35.4
add @img/sharp-darwin-x64 0.35.4
add @esbuild/win32-x64 0.27.0
add @esbuild/win32-ia32 0.27.0
add @esbuild/win32-arm64 0.27.0
add @esbuild/sunos-x64 0.27.0
add @esbuild/openharmony-arm64 0.27.0
add @esbuild/openbsd-x64 0.27.0
add @esbuild/openbsd-arm64 0.27.0
add @esbuild/netbsd-x64 0.27.0
add @esbuild/netbsd-arm64 0.27.0
add @esbuild/linux-x64 0.27.0
add @esbuild/linux-s390x 0.27.0
add @esbuild/linux-riscv64 0.27.0
add @esbuild/linux-ppc64 0.27.0
add @esbuild/linux-mips64el 0.27.0
add @esbuild/linux-loong64 0.27.0
add @esbuild/linux-ia32 0.27.0
add @esbuild/linux-arm64 0.27.0
add @esbuild/linux-arm 0.27.0
add @esbuild/freebsd-x64 0.27.0
add @esbuild/freebsd-arm64 0.27.0
add @esbuild/darwin-x64 0.27.0
add @esbuild/android-x64 0.27.0
add @esbuild/android-arm64 0.27.0
add @esbuild/android-arm 0.27.0
add @esbuild/aix-ppc64 0.27.0
add @emnapi/wasi-threads 1.2.2
add @emnapi/runtime 1.11.1
add @emnapi/core 1.11.1
add lightningcss-win32-x64-msvc 1.33.0
add lightningcss-win32-arm64-msvc 1.33.0
add lightningcss-linux-x64-musl 1.33.0
add lightningcss-linux-x64-gnu 1.33.0
add lightningcss-linux-arm64-musl 1.33.0
add lightningcss-linux-arm64-gnu 1.33.0
add lightningcss-linux-arm-gnueabihf 1.33.0
add lightningcss-freebsd-x64 1.33.0
add lightningcss-darwin-x64 1.33.0
add lightningcss-android-arm64 1.33.0

added 142 packages in 431ms

366 packages are looking for funding
  run `npm fund` for details
